

================================================================
== Vivado HLS Report for 'median_filter'
================================================================
* Date:           Tue Dec  6 11:23:25 2016

* Version:        2013.2 (build date: Thu Jun 13 16:07:59 PM 2013)
* Project:        prj
* Solution:       solution1
* Product family: zynq zynq_fpv6 
* Target device:  xc7z020clg484-1


================================================================
== Performance Estimates
================================================================
+ Timing (ns): 
    * Summary: 
    +---------+-------+----------+------------+
    |  Clock  | Target| Estimated| Uncertainty|
    +---------+-------+----------+------------+
    |default  |   6.67|      5.81|        0.83|
    +---------+-------+----------+------------+

+ Latency (clock cycles): 
    * Summary: 
    +-----+----------+-----+----------+---------+
    |     Latency    |    Interval    | Pipeline|
    | min |    max   | min |    max   |   Type  |
    +-----+----------+-----+----------+---------+
    |   56|  16998401|   56|  16998401|   none  |
    +-----+----------+-----+----------+---------+

    + Detail: 
        * Instance: 
        N/A

        * Loop: 
        +-------------+-----+----------+-----------+-----------+-----------+----------+----------+
        |             |     Latency    | Iteration |  Initiation Interval  |   Trip   |          |
        |  Loop Name  | min |    max   |  Latency  |  achieved |   target  |   Count  | Pipelined|
        +-------------+-----+----------+-----------+-----------+-----------+----------+----------+
        |- Loop 1     |   55|  16998400| 55 ~ 4150 |          -|          -| 1 ~ 4096 |    no    |
        | + Loop 1.1  |   53|      4148|         54|          1|          1| 1 ~ 4096 |    yes   |
        +-------------+-----+----------+-----------+-----------+-----------+----------+----------+



================================================================
== Utilization Estimates
================================================================
* Summary: 
+-----------------+---------+-------+--------+-------+
|       Name      | BRAM_18K| DSP48E|   FF   |  LUT  |
+-----------------+---------+-------+--------+-------+
|Expression       |        -|      -|       0|   1850|
|FIFO             |        -|      -|       -|      -|
|Instance         |        -|      -|       -|      -|
|Memory           |        8|      -|       0|      0|
|Multiplexer      |        -|      -|       -|     23|
|Register         |        -|      -|    1485|      -|
|ShiftMemory      |        -|      -|       0|    128|
+-----------------+---------+-------+--------+-------+
|Total            |        8|      0|    1485|   2001|
+-----------------+---------+-------+--------+-------+
|Available        |      280|    220|  106400|  53200|
+-----------------+---------+-------+--------+-------+
|Utilization (%)  |        2|      0|       1|      3|
+-----------------+---------+-------+--------+-------+

+ Detail: 
    * Instance: 
    N/A

    * Memory: 
    +--------------------+--------------------------------+---------+------+-----+------+-------------+
    |       Memory       |             Module             | BRAM_18K| Words| Bits| Banks| W*Bits*Banks|
    +--------------------+--------------------------------+---------+------+-----+------+-------------+
    |lineBuffer_val_0_U  |median_filter_lineBuffer_val_0  |        1|  1920|    8|     1|        15360|
    |lineBuffer_val_1_U  |median_filter_lineBuffer_val_0  |        1|  1920|    8|     1|        15360|
    |lineBuffer_val_2_U  |median_filter_lineBuffer_val_0  |        1|  1920|    8|     1|        15360|
    |lineBuffer_val_3_U  |median_filter_lineBuffer_val_0  |        1|  1920|    8|     1|        15360|
    |lineBuffer_val_4_U  |median_filter_lineBuffer_val_0  |        1|  1920|    8|     1|        15360|
    |lineBuffer_val_5_U  |median_filter_lineBuffer_val_0  |        1|  1920|    8|     1|        15360|
    |lineBuffer_val_6_U  |median_filter_lineBuffer_val_0  |        1|  1920|    8|     1|        15360|
    |lineBuffer_val_7_U  |median_filter_lineBuffer_val_0  |        1|  1920|    8|     1|        15360|
    +--------------------+--------------------------------+---------+------+-----+------+-------------+
    |Total               |                                |        8| 15360|   64|     8|       122880|
    +--------------------+--------------------------------+---------+------+-----+------+-------------+

    * FIFO: 
    N/A

    * Shift register: 
    +-------------------------+---+----+-----+-----------+
    |           Name          | FF| LUT| Bits| Const Bits|
    +-------------------------+---+----+-----+-----------+
    |lineBuff0_load_reg_3948  |  0|  16|    8|          0|
    |lineBuff1_load_reg_3943  |  0|  16|    8|          0|
    |lineBuff2_load_reg_3938  |  0|   8|    8|          0|
    |lineBuff3_load_reg_3933  |  0|   8|    8|          0|
    |lineBuff4_load_reg_3928  |  0|   8|    8|          0|
    |lineBuff5_load_reg_3923  |  0|   8|    8|          0|
    |lineBuff6_load_reg_3918  |  0|   8|    8|          0|
    |not4_reg_3773            |  0|   2|    1|          0|
    |not_or_cond_reg_3800     |  0|   2|    1|          0|
    |tmp2_reg_3795            |  0|   2|    1|          0|
    |tmp_3_reg_3790           |  0|   2|    1|          0|
    |tmp_76_0_6_reg_3892      |  0|   1|    1|          0|
    |tmp_76_0_7_reg_3897      |  0|   1|    1|          0|
    |tmp_76_0_8_reg_3902      |  0|   1|    1|          0|
    |tmp_76_1_5_reg_3994      |  0|   1|    1|          0|
    |tmp_76_1_6_reg_3999      |  0|   1|    1|          0|
    |tmp_76_1_7_reg_4004      |  0|   1|    1|          0|
    |tmp_76_1_8_reg_4009      |  0|   1|    1|          0|
    |tmp_76_2_4_reg_4067      |  0|   1|    1|          0|
    |tmp_76_2_5_reg_4072      |  0|   1|    1|          0|
    |tmp_76_2_6_reg_4077      |  0|   1|    1|          0|
    |tmp_76_2_7_reg_4082      |  0|   1|    1|          0|
    |tmp_76_2_8_reg_4087      |  0|   1|    1|          0|
    |tmp_76_3_4_reg_4155      |  0|   1|    1|          0|
    |tmp_76_3_5_reg_4160      |  0|   1|    1|          0|
    |tmp_76_3_6_reg_4165      |  0|   1|    1|          0|
    |tmp_76_3_7_reg_4170      |  0|   1|    1|          0|
    |tmp_76_3_8_reg_4175      |  0|   1|    1|          0|
    |tmp_76_4_4_reg_4242      |  0|   1|    1|          0|
    |tmp_76_4_5_reg_4247      |  0|   1|    1|          0|
    |tmp_76_4_6_reg_4252      |  0|   1|    1|          0|
    |tmp_76_4_7_reg_4257      |  0|   1|    1|          0|
    |tmp_76_4_8_reg_4262      |  0|   1|    1|          0|
    |tmp_76_5_4_reg_4330      |  0|   1|    1|          0|
    |tmp_76_5_5_reg_4335      |  0|   1|    1|          0|
    |tmp_76_5_6_reg_4340      |  0|   1|    1|          0|
    |tmp_76_5_7_reg_4345      |  0|   1|    1|          0|
    |tmp_76_5_8_reg_4350      |  0|   1|    1|          0|
    |tmp_76_6_4_reg_4418      |  0|   1|    1|          0|
    |tmp_76_6_5_reg_4423      |  0|   1|    1|          0|
    |tmp_76_6_6_reg_4428      |  0|   1|    1|          0|
    |tmp_76_6_7_reg_4433      |  0|   1|    1|          0|
    |tmp_76_6_8_reg_4438      |  0|   1|    1|          0|
    |tmp_76_7_4_reg_4506      |  0|   1|    1|          0|
    |tmp_76_7_5_reg_4511      |  0|   1|    1|          0|
    |tmp_76_7_6_reg_4516      |  0|   1|    1|          0|
    |tmp_76_7_7_reg_4521      |  0|   1|    1|          0|
    |tmp_76_7_8_reg_4526      |  0|   1|    1|          0|
    |tmp_76_8_1_reg_4536      |  0|   1|    1|          0|
    |tmp_76_8_2_reg_4541      |  0|   1|    1|          0|
    |tmp_76_8_3_reg_4546      |  0|   1|    1|          0|
    |tmp_76_8_4_reg_4551      |  0|   1|    1|          0|
    |tmp_76_8_5_reg_4556      |  0|   1|    1|          0|
    |tmp_76_8_6_reg_4561      |  0|   1|    1|          0|
    |tmp_76_8_7_reg_4566      |  0|   1|    1|          0|
    |tmp_76_8_8_reg_4571      |  0|   1|    1|          0|
    |tmp_76_8_reg_4531        |  0|   1|    1|          0|
    |tmp_7_reg_3764           |  0|   2|    1|          0|
    +-------------------------+---+----+-----+-----------+
    |Total                    |  0| 128|  107|          0|
    +-------------------------+---+----+-----+-----------+

    * Expression: 
    +-----------------------------+----------+-------+---+----+------------+------------+
    |        Variable Name        | Operation| DSP48E| FF| LUT| Bitwidth P0| Bitwidth P1|
    +-----------------------------+----------+-------+---+----+------------+------------+
    |i_V_fu_656_p2                |     +    |      0|  0|  12|          12|           1|
    |j_V_fu_711_p2                |     +    |      0|  0|  11|          11|           1|
    |op2_addr_i_i1_fu_641_p2      |     +    |      0|  0|  13|          13|           2|
    |op2_addr_i_i_fu_635_p2       |     +    |      0|  0|  13|          13|           2|
    |op2_assign_1_fu_629_p2       |     +    |      0|  0|  13|          13|           1|
    |op2_assign_fu_619_p2         |     +    |      0|  0|  13|          13|           1|
    |tmp_77_0_2_fu_978_p2         |     +    |      0|  0|   2|           2|           1|
    |tmp_77_0_3_fu_995_p2         |     +    |      0|  0|   3|           3|           1|
    |tmp_77_0_4_fu_1032_p2        |     +    |      0|  0|   3|           3|           1|
    |tmp_77_0_5_fu_1043_p2        |     +    |      0|  0|   3|           3|           1|
    |tmp_77_0_6_fu_1056_p2        |     +    |      0|  0|   3|           3|           1|
    |tmp_77_0_7_fu_1101_p2        |     +    |      0|  0|   4|           4|           1|
    |tmp_77_0_8_fu_1114_p2        |     +    |      0|  0|   4|           4|           1|
    |tmp_77_1_1_fu_1253_p2        |     +    |      0|  0|   4|           4|           1|
    |tmp_77_1_2_fu_1266_p2        |     +    |      0|  0|   4|           4|           1|
    |tmp_77_1_3_fu_1277_p2        |     +    |      0|  0|   4|           4|           1|
    |tmp_77_1_4_fu_1290_p2        |     +    |      0|  0|   4|           4|           1|
    |tmp_77_1_5_fu_1303_p2        |     +    |      0|  0|   4|           4|           1|
    |tmp_77_1_6_fu_1318_p2        |     +    |      0|  0|   5|           5|           1|
    |tmp_77_1_7_fu_1331_p2        |     +    |      0|  0|   5|           5|           1|
    |tmp_77_1_8_fu_1342_p2        |     +    |      0|  0|   5|           5|           1|
    |tmp_77_1_fu_1242_p2          |     +    |      0|  0|   4|           4|           1|
    |tmp_77_2_1_fu_1512_p2        |     +    |      0|  0|   5|           5|           1|
    |tmp_77_2_2_fu_1523_p2        |     +    |      0|  0|   5|           5|           1|
    |tmp_77_2_3_fu_1534_p2        |     +    |      0|  0|   5|           5|           1|
    |tmp_77_2_4_fu_1547_p2        |     +    |      0|  0|   5|           5|           1|
    |tmp_77_2_5_fu_1558_p2        |     +    |      0|  0|   5|           5|           1|
    |tmp_77_2_6_fu_1569_p2        |     +    |      0|  0|   5|           5|           1|
    |tmp_77_2_7_fu_1582_p2        |     +    |      0|  0|   5|           5|           1|
    |tmp_77_2_8_fu_1593_p2        |     +    |      0|  0|   5|           5|           1|
    |tmp_77_2_fu_1389_p2          |     +    |      0|  0|   5|           5|           1|
    |tmp_77_3_1_fu_1763_p2        |     +    |      0|  0|   5|           5|           1|
    |tmp_77_3_2_fu_1774_p2        |     +    |      0|  0|   5|           5|           1|
    |tmp_77_3_3_fu_1785_p2        |     +    |      0|  0|   5|           5|           1|
    |tmp_77_3_4_fu_1801_p2        |     +    |      0|  0|   6|           6|           1|
    |tmp_77_3_5_fu_1814_p2        |     +    |      0|  0|   6|           6|           1|
    |tmp_77_3_6_fu_1825_p2        |     +    |      0|  0|   6|           6|           1|
    |tmp_77_3_7_fu_1838_p2        |     +    |      0|  0|   6|           6|           1|
    |tmp_77_3_8_fu_1849_p2        |     +    |      0|  0|   6|           6|           1|
    |tmp_77_3_fu_1640_p2          |     +    |      0|  0|   5|           5|           1|
    |tmp_77_4_1_fu_2019_p2        |     +    |      0|  0|   6|           6|           1|
    |tmp_77_4_2_fu_2030_p2        |     +    |      0|  0|   6|           6|           1|
    |tmp_77_4_3_fu_2041_p2        |     +    |      0|  0|   6|           6|           1|
    |tmp_77_4_4_fu_2054_p2        |     +    |      0|  0|   6|           6|           1|
    |tmp_77_4_5_fu_2065_p2        |     +    |      0|  0|   6|           6|           1|
    |tmp_77_4_6_fu_2076_p2        |     +    |      0|  0|   6|           6|           1|
    |tmp_77_4_7_fu_2089_p2        |     +    |      0|  0|   6|           6|           1|
    |tmp_77_4_8_fu_2100_p2        |     +    |      0|  0|   6|           6|           1|
    |tmp_77_4_fu_1896_p2          |     +    |      0|  0|   6|           6|           1|
    |tmp_77_5_1_fu_2270_p2        |     +    |      0|  0|   6|           6|           1|
    |tmp_77_5_2_fu_2281_p2        |     +    |      0|  0|   6|           6|           1|
    |tmp_77_5_3_fu_2292_p2        |     +    |      0|  0|   6|           6|           1|
    |tmp_77_5_4_fu_2305_p2        |     +    |      0|  0|   6|           6|           1|
    |tmp_77_5_5_fu_2316_p2        |     +    |      0|  0|   6|           6|           1|
    |tmp_77_5_6_fu_2327_p2        |     +    |      0|  0|   6|           6|           1|
    |tmp_77_5_7_fu_2340_p2        |     +    |      0|  0|   6|           6|           1|
    |tmp_77_5_8_fu_2351_p2        |     +    |      0|  0|   6|           6|           1|
    |tmp_77_5_fu_2147_p2          |     +    |      0|  0|   6|           6|           1|
    |tmp_77_6_1_fu_2521_p2        |     +    |      0|  0|   6|           6|           1|
    |tmp_77_6_2_fu_2532_p2        |     +    |      0|  0|   6|           6|           1|
    |tmp_77_6_3_fu_2543_p2        |     +    |      0|  0|   6|           6|           1|
    |tmp_77_6_4_fu_2556_p2        |     +    |      0|  0|   6|           6|           1|
    |tmp_77_6_5_fu_2567_p2        |     +    |      0|  0|   6|           6|           1|
    |tmp_77_6_6_fu_2578_p2        |     +    |      0|  0|   6|           6|           1|
    |tmp_77_6_7_fu_2591_p2        |     +    |      0|  0|   6|           6|           1|
    |tmp_77_6_8_fu_2602_p2        |     +    |      0|  0|   6|           6|           1|
    |tmp_77_6_fu_2398_p2          |     +    |      0|  0|   6|           6|           1|
    |tmp_77_7_1_fu_2921_p2        |     +    |      0|  0|   7|           7|           1|
    |tmp_77_7_2_fu_2932_p2        |     +    |      0|  0|   7|           7|           1|
    |tmp_77_7_3_fu_2943_p2        |     +    |      0|  0|   7|           7|           1|
    |tmp_77_7_4_fu_2956_p2        |     +    |      0|  0|   7|           7|           1|
    |tmp_77_7_5_fu_2967_p2        |     +    |      0|  0|   7|           7|           1|
    |tmp_77_7_6_fu_2978_p2        |     +    |      0|  0|   7|           7|           1|
    |tmp_77_7_7_fu_2991_p2        |     +    |      0|  0|   7|           7|           1|
    |tmp_77_7_8_fu_3002_p2        |     +    |      0|  0|   7|           7|           1|
    |tmp_77_7_fu_2683_p2          |     +    |      0|  0|   7|           7|           1|
    |tmp_77_8_1_fu_3026_p2        |     +    |      0|  0|   7|           7|           1|
    |tmp_77_8_2_fu_3037_p2        |     +    |      0|  0|   7|           7|           1|
    |tmp_77_8_3_fu_3048_p2        |     +    |      0|  0|   7|           7|           1|
    |tmp_77_8_4_fu_3061_p2        |     +    |      0|  0|   7|           7|           1|
    |tmp_77_8_5_fu_3072_p2        |     +    |      0|  0|   7|           7|           1|
    |tmp_77_8_6_fu_3083_p2        |     +    |      0|  0|   7|           7|           1|
    |tmp_77_8_7_fu_3096_p2        |     +    |      0|  0|   7|           7|           1|
    |tmp_77_8_8_fu_3107_p2        |     +    |      0|  0|   7|           7|           1|
    |tmp_77_8_fu_3013_p2          |     +    |      0|  0|   7|           7|           1|
    |countOnes_10_fu_1272_p3      |  Select  |      0|  0|   4|           1|           4|
    |countOnes_11_fu_1283_p3      |  Select  |      0|  0|   4|           1|           4|
    |countOnes_12_fu_1296_p3      |  Select  |      0|  0|   4|           1|           4|
    |countOnes_13_fu_1308_p3      |  Select  |      0|  0|   4|           1|           4|
    |countOnes_14_fu_1324_p3      |  Select  |      0|  0|   5|           1|           5|
    |countOnes_15_fu_1336_p3      |  Select  |      0|  0|   5|           1|           5|
    |countOnes_16_fu_1378_p3      |  Select  |      0|  0|   5|           1|           5|
    |countOnes_17_fu_1395_p3      |  Select  |      0|  0|   5|           1|           5|
    |countOnes_18_fu_1517_p3      |  Select  |      0|  0|   5|           1|           5|
    |countOnes_19_fu_1529_p3      |  Select  |      0|  0|   5|           1|           5|
    |countOnes_1_fu_984_p3        |  Select  |      0|  0|   2|           1|           2|
    |countOnes_20_fu_1540_p3      |  Select  |      0|  0|   5|           1|           5|
    |countOnes_21_fu_1552_p3      |  Select  |      0|  0|   5|           1|           5|
    |countOnes_22_fu_1564_p3      |  Select  |      0|  0|   5|           1|           5|
    |countOnes_23_fu_1575_p3      |  Select  |      0|  0|   5|           1|           5|
    |countOnes_24_fu_1587_p3      |  Select  |      0|  0|   5|           1|           5|
    |countOnes_25_fu_1629_p3      |  Select  |      0|  0|   5|           1|           5|
    |countOnes_26_fu_1646_p3      |  Select  |      0|  0|   5|           1|           5|
    |countOnes_27_fu_1768_p3      |  Select  |      0|  0|   5|           1|           5|
    |countOnes_28_fu_1780_p3      |  Select  |      0|  0|   5|           1|           5|
    |countOnes_29_fu_1791_p3      |  Select  |      0|  0|   5|           1|           5|
    |countOnes_2_fu_1001_p3       |  Select  |      0|  0|   3|           1|           3|
    |countOnes_30_fu_1807_p3      |  Select  |      0|  0|   6|           1|           6|
    |countOnes_31_fu_1820_p3      |  Select  |      0|  0|   6|           1|           6|
    |countOnes_32_fu_1831_p3      |  Select  |      0|  0|   6|           1|           6|
    |countOnes_33_fu_1843_p3      |  Select  |      0|  0|   6|           1|           6|
    |countOnes_34_fu_1885_p3      |  Select  |      0|  0|   6|           1|           6|
    |countOnes_35_fu_1902_p3      |  Select  |      0|  0|   6|           1|           6|
    |countOnes_36_fu_2024_p3      |  Select  |      0|  0|   6|           1|           6|
    |countOnes_37_fu_2036_p3      |  Select  |      0|  0|   6|           1|           6|
    |countOnes_38_fu_2047_p3      |  Select  |      0|  0|   6|           1|           6|
    |countOnes_39_fu_2059_p3      |  Select  |      0|  0|   6|           1|           6|
    |countOnes_3_fu_1037_p3       |  Select  |      0|  0|   3|           1|           3|
    |countOnes_40_fu_2071_p3      |  Select  |      0|  0|   6|           1|           6|
    |countOnes_41_fu_2082_p3      |  Select  |      0|  0|   6|           1|           6|
    |countOnes_42_fu_2094_p3      |  Select  |      0|  0|   6|           1|           6|
    |countOnes_43_fu_2136_p3      |  Select  |      0|  0|   6|           1|           6|
    |countOnes_44_fu_2153_p3      |  Select  |      0|  0|   6|           1|           6|
    |countOnes_45_fu_2275_p3      |  Select  |      0|  0|   6|           1|           6|
    |countOnes_46_fu_2287_p3      |  Select  |      0|  0|   6|           1|           6|
    |countOnes_47_fu_2298_p3      |  Select  |      0|  0|   6|           1|           6|
    |countOnes_48_fu_2310_p3      |  Select  |      0|  0|   6|           1|           6|
    |countOnes_49_fu_2322_p3      |  Select  |      0|  0|   6|           1|           6|
    |countOnes_4_fu_1049_p3       |  Select  |      0|  0|   3|           1|           3|
    |countOnes_50_fu_2333_p3      |  Select  |      0|  0|   6|           1|           6|
    |countOnes_51_fu_2345_p3      |  Select  |      0|  0|   6|           1|           6|
    |countOnes_52_fu_2387_p3      |  Select  |      0|  0|   6|           1|           6|
    |countOnes_53_fu_2404_p3      |  Select  |      0|  0|   6|           1|           6|
    |countOnes_54_fu_2526_p3      |  Select  |      0|  0|   6|           1|           6|
    |countOnes_55_fu_2538_p3      |  Select  |      0|  0|   6|           1|           6|
    |countOnes_56_fu_2549_p3      |  Select  |      0|  0|   6|           1|           6|
    |countOnes_57_fu_2561_p3      |  Select  |      0|  0|   6|           1|           6|
    |countOnes_58_fu_2573_p3      |  Select  |      0|  0|   6|           1|           6|
    |countOnes_59_fu_2584_p3      |  Select  |      0|  0|   6|           1|           6|
    |countOnes_5_fu_1092_p3       |  Select  |      0|  0|   3|           1|           3|
    |countOnes_60_fu_2596_p3      |  Select  |      0|  0|   6|           1|           6|
    |countOnes_61_fu_2668_p3      |  Select  |      0|  0|   6|           1|           6|
    |countOnes_62_fu_2689_p3      |  Select  |      0|  0|   7|           1|           7|
    |countOnes_63_fu_2926_p3      |  Select  |      0|  0|   7|           1|           7|
    |countOnes_64_fu_2938_p3      |  Select  |      0|  0|   7|           1|           7|
    |countOnes_65_fu_2949_p3      |  Select  |      0|  0|   7|           1|           7|
    |countOnes_66_fu_2961_p3      |  Select  |      0|  0|   7|           1|           7|
    |countOnes_67_fu_2973_p3      |  Select  |      0|  0|   7|           1|           7|
    |countOnes_68_fu_2984_p3      |  Select  |      0|  0|   7|           1|           7|
    |countOnes_69_fu_2996_p3      |  Select  |      0|  0|   7|           1|           7|
    |countOnes_6_fu_1107_p3       |  Select  |      0|  0|   4|           1|           4|
    |countOnes_70_fu_3008_p3      |  Select  |      0|  0|   7|           1|           7|
    |countOnes_71_fu_3019_p3      |  Select  |      0|  0|   7|           1|           7|
    |countOnes_72_fu_3031_p3      |  Select  |      0|  0|   7|           1|           7|
    |countOnes_73_fu_3043_p3      |  Select  |      0|  0|   7|           1|           7|
    |countOnes_74_fu_3054_p3      |  Select  |      0|  0|   7|           1|           7|
    |countOnes_75_fu_3066_p3      |  Select  |      0|  0|   7|           1|           7|
    |countOnes_76_fu_3078_p3      |  Select  |      0|  0|   7|           1|           7|
    |countOnes_77_fu_3089_p3      |  Select  |      0|  0|   7|           1|           7|
    |countOnes_78_fu_3101_p3      |  Select  |      0|  0|   7|           1|           7|
    |countOnes_79_fu_3112_p3      |  Select  |      0|  0|   7|           1|           7|
    |countOnes_7_fu_1120_p3       |  Select  |      0|  0|   4|           1|           4|
    |countOnes_8_fu_1247_p3       |  Select  |      0|  0|   4|           1|           4|
    |countOnes_9_fu_1259_p3       |  Select  |      0|  0|   4|           1|           4|
    |countOnes_fu_972_p3          |  Select  |      0|  0|   2|           1|           2|
    |tmp_77_0_1_fu_819_p3         |  Select  |      0|  0|   3|           1|           3|
    |window_val_0_0_2_fu_800_p3   |  Select  |      0|  0|   8|           1|           8|
    |window_val_1_0_2_fu_1086_p3  |  Select  |      0|  0|   8|           1|           8|
    |window_val_2_0_2_fu_1372_p3  |  Select  |      0|  0|   8|           1|           8|
    |window_val_3_0_2_fu_1623_p3  |  Select  |      0|  0|   8|           1|           8|
    |window_val_4_0_2_fu_1879_p3  |  Select  |      0|  0|   8|           1|           8|
    |window_val_5_0_2_fu_2130_p3  |  Select  |      0|  0|   8|           1|           8|
    |window_val_6_0_2_fu_2381_p3  |  Select  |      0|  0|   8|           1|           8|
    |window_val_7_0_2_fu_2662_p3  |  Select  |      0|  0|   8|           1|           8|
    |window_val_8_0_2_fu_2656_p3  |  Select  |      0|  0|   8|           1|           8|
    |ap_sig_bdd_199               |    and   |      0|  0|   2|           1|           1|
    |ap_sig_bdd_83                |    and   |      0|  0|   2|           1|           1|
    |not_or_cond_fu_759_p2        |    and   |      0|  0|   2|           1|           1|
    |or_cond_fu_722_p2            |    and   |      0|  0|   2|           1|           1|
    |icmp7_fu_677_p2              |   icmp   |      0|  0|  10|           9|           1|
    |icmp_fu_737_p2               |   icmp   |      0|  0|   8|           8|           1|
    |not4_fu_717_p2               |   icmp   |      0|  0|  14|          12|          12|
    |not_fu_662_p2                |   icmp   |      0|  0|  14|          12|          12|
    |not_tmp_s_fu_807_p2          |   icmp   |      0|  0|   8|           8|           1|
    |notlhs_fu_753_p2             |   icmp   |      0|  0|  13|          11|           1|
    |notrhs_fu_683_p2             |   icmp   |      0|  0|  14|          12|           1|
    |tmp_3_fu_743_p2              |   icmp   |      0|  0|  16|          13|          13|
    |tmp_4_fu_3118_p2             |   icmp   |      0|  0|   7|           7|           6|
    |tmp_5_fu_689_p2              |   icmp   |      0|  0|  16|          13|          13|
    |tmp_76_0_1_fu_813_p2         |   icmp   |      0|  0|   8|           8|           1|
    |tmp_76_0_2_fu_827_p2         |   icmp   |      0|  0|   8|           8|           1|
    |tmp_76_0_3_fu_833_p2         |   icmp   |      0|  0|   8|           8|           1|
    |tmp_76_0_4_fu_839_p2         |   icmp   |      0|  0|   8|           8|           1|
    |tmp_76_0_5_fu_845_p2         |   icmp   |      0|  0|   8|           8|           1|
    |tmp_76_0_6_fu_851_p2         |   icmp   |      0|  0|   8|           8|           1|
    |tmp_76_0_7_fu_857_p2         |   icmp   |      0|  0|   8|           8|           1|
    |tmp_76_0_8_fu_863_p2         |   icmp   |      0|  0|   8|           8|           1|
    |tmp_76_1_1_fu_1133_p2        |   icmp   |      0|  0|   8|           8|           1|
    |tmp_76_1_2_fu_1139_p2        |   icmp   |      0|  0|   8|           8|           1|
    |tmp_76_1_3_fu_1145_p2        |   icmp   |      0|  0|   8|           8|           1|
    |tmp_76_1_4_fu_1151_p2        |   icmp   |      0|  0|   8|           8|           1|
    |tmp_76_1_5_fu_1157_p2        |   icmp   |      0|  0|   8|           8|           1|
    |tmp_76_1_6_fu_1163_p2        |   icmp   |      0|  0|   8|           8|           1|
    |tmp_76_1_7_fu_1169_p2        |   icmp   |      0|  0|   8|           8|           1|
    |tmp_76_1_8_fu_1175_p2        |   icmp   |      0|  0|   8|           8|           1|
    |tmp_76_1_fu_1127_p2          |   icmp   |      0|  0|   8|           8|           1|
    |tmp_76_2_1_fu_1403_p2        |   icmp   |      0|  0|   8|           8|           1|
    |tmp_76_2_2_fu_1409_p2        |   icmp   |      0|  0|   8|           8|           1|
    |tmp_76_2_3_fu_1415_p2        |   icmp   |      0|  0|   8|           8|           1|
    |tmp_76_2_4_fu_1421_p2        |   icmp   |      0|  0|   8|           8|           1|
    |tmp_76_2_5_fu_1427_p2        |   icmp   |      0|  0|   8|           8|           1|
    |tmp_76_2_6_fu_1433_p2        |   icmp   |      0|  0|   8|           8|           1|
    |tmp_76_2_7_fu_1439_p2        |   icmp   |      0|  0|   8|           8|           1|
    |tmp_76_2_8_fu_1445_p2        |   icmp   |      0|  0|   8|           8|           1|
    |tmp_76_2_fu_1383_p2          |   icmp   |      0|  0|   8|           8|           1|
    |tmp_76_3_1_fu_1654_p2        |   icmp   |      0|  0|   8|           8|           1|
    |tmp_76_3_2_fu_1660_p2        |   icmp   |      0|  0|   8|           8|           1|
    |tmp_76_3_3_fu_1666_p2        |   icmp   |      0|  0|   8|           8|           1|
    |tmp_76_3_4_fu_1672_p2        |   icmp   |      0|  0|   8|           8|           1|
    |tmp_76_3_5_fu_1678_p2        |   icmp   |      0|  0|   8|           8|           1|
    |tmp_76_3_6_fu_1684_p2        |   icmp   |      0|  0|   8|           8|           1|
    |tmp_76_3_7_fu_1690_p2        |   icmp   |      0|  0|   8|           8|           1|
    |tmp_76_3_8_fu_1696_p2        |   icmp   |      0|  0|   8|           8|           1|
    |tmp_76_3_fu_1634_p2          |   icmp   |      0|  0|   8|           8|           1|
    |tmp_76_4_1_fu_1910_p2        |   icmp   |      0|  0|   8|           8|           1|
    |tmp_76_4_2_fu_1916_p2        |   icmp   |      0|  0|   8|           8|           1|
    |tmp_76_4_3_fu_1922_p2        |   icmp   |      0|  0|   8|           8|           1|
    |tmp_76_4_4_fu_1928_p2        |   icmp   |      0|  0|   8|           8|           1|
    |tmp_76_4_5_fu_1934_p2        |   icmp   |      0|  0|   8|           8|           1|
    |tmp_76_4_6_fu_1940_p2        |   icmp   |      0|  0|   8|           8|           1|
    |tmp_76_4_7_fu_1946_p2        |   icmp   |      0|  0|   8|           8|           1|
    |tmp_76_4_8_fu_1952_p2        |   icmp   |      0|  0|   8|           8|           1|
    |tmp_76_4_fu_1890_p2          |   icmp   |      0|  0|   8|           8|           1|
    |tmp_76_5_1_fu_2161_p2        |   icmp   |      0|  0|   8|           8|           1|
    |tmp_76_5_2_fu_2167_p2        |   icmp   |      0|  0|   8|           8|           1|
    |tmp_76_5_3_fu_2173_p2        |   icmp   |      0|  0|   8|           8|           1|
    |tmp_76_5_4_fu_2179_p2        |   icmp   |      0|  0|   8|           8|           1|
    |tmp_76_5_5_fu_2185_p2        |   icmp   |      0|  0|   8|           8|           1|
    |tmp_76_5_6_fu_2191_p2        |   icmp   |      0|  0|   8|           8|           1|
    |tmp_76_5_7_fu_2197_p2        |   icmp   |      0|  0|   8|           8|           1|
    |tmp_76_5_8_fu_2203_p2        |   icmp   |      0|  0|   8|           8|           1|
    |tmp_76_5_fu_2141_p2          |   icmp   |      0|  0|   8|           8|           1|
    |tmp_76_6_1_fu_2412_p2        |   icmp   |      0|  0|   8|           8|           1|
    |tmp_76_6_2_fu_2418_p2        |   icmp   |      0|  0|   8|           8|           1|
    |tmp_76_6_3_fu_2424_p2        |   icmp   |      0|  0|   8|           8|           1|
    |tmp_76_6_4_fu_2430_p2        |   icmp   |      0|  0|   8|           8|           1|
    |tmp_76_6_5_fu_2436_p2        |   icmp   |      0|  0|   8|           8|           1|
    |tmp_76_6_6_fu_2442_p2        |   icmp   |      0|  0|   8|           8|           1|
    |tmp_76_6_7_fu_2448_p2        |   icmp   |      0|  0|   8|           8|           1|
    |tmp_76_6_8_fu_2454_p2        |   icmp   |      0|  0|   8|           8|           1|
    |tmp_76_6_fu_2392_p2          |   icmp   |      0|  0|   8|           8|           1|
    |tmp_76_7_1_fu_2697_p2        |   icmp   |      0|  0|   8|           8|           1|
    |tmp_76_7_2_fu_2703_p2        |   icmp   |      0|  0|   8|           8|           1|
    |tmp_76_7_3_fu_2709_p2        |   icmp   |      0|  0|   8|           8|           1|
    |tmp_76_7_4_fu_2715_p2        |   icmp   |      0|  0|   8|           8|           1|
    |tmp_76_7_5_fu_2721_p2        |   icmp   |      0|  0|   8|           8|           1|
    |tmp_76_7_6_fu_2727_p2        |   icmp   |      0|  0|   8|           8|           1|
    |tmp_76_7_7_fu_2733_p2        |   icmp   |      0|  0|   8|           8|           1|
    |tmp_76_7_8_fu_2739_p2        |   icmp   |      0|  0|   8|           8|           1|
    |tmp_76_7_fu_2677_p2          |   icmp   |      0|  0|   8|           8|           1|
    |tmp_76_8_1_fu_2751_p2        |   icmp   |      0|  0|   8|           8|           1|
    |tmp_76_8_2_fu_2757_p2        |   icmp   |      0|  0|   8|           8|           1|
    |tmp_76_8_3_fu_2763_p2        |   icmp   |      0|  0|   8|           8|           1|
    |tmp_76_8_4_fu_2769_p2        |   icmp   |      0|  0|   8|           8|           1|
    |tmp_76_8_5_fu_2775_p2        |   icmp   |      0|  0|   8|           8|           1|
    |tmp_76_8_6_fu_2781_p2        |   icmp   |      0|  0|   8|           8|           1|
    |tmp_76_8_7_fu_2787_p2        |   icmp   |      0|  0|   8|           8|           1|
    |tmp_76_8_8_fu_2793_p2        |   icmp   |      0|  0|   8|           8|           1|
    |tmp_76_8_fu_2745_p2          |   icmp   |      0|  0|   8|           8|           1|
    |tmp_7_fu_706_p2              |   icmp   |      0|  0|  16|          13|          13|
    |tmp_s_fu_651_p2              |   icmp   |      0|  0|  16|          13|          13|
    |ap_sig_bdd_39                |    or    |      0|  0|   2|           1|           1|
    |pixel_out_val_fu_3133_p2     |    or    |      0|  0|   2|           1|           1|
    |tmp2_fu_748_p2               |    or    |      0|  0|   2|           1|           1|
    |tmp3_fu_3128_p2              |    or    |      0|  0|   2|           1|           1|
    |tmp4_fu_3124_p2              |    or    |      0|  0|   2|           1|           1|
    +-----------------------------+----------+-------+---+----+------------+------------+
    |Total                        |          |      0|  0|1850|        1389|         784|
    +-----------------------------+----------+-------+---+----+------------+------------+

    * Multiplexer: 
    +---------------+----+-----------+-----+-----------+
    |      Name     | LUT| Input Size| Bits| Total Bits|
    +---------------+----+-----------+-----+-----------+
    |t_V_3_reg_592  |  12|          2|   12|         24|
    |t_V_reg_603    |  11|          2|   11|         22|
    +---------------+----+-----------+-----+-----------+
    |Total          |  23|          4|   23|         46|
    +---------------+----+-----------+-----+-----------+

    * Register: 
    +-------------------------------------------+----+-----+-----------+
    |                    Name                   | FF | Bits| Const Bits|
    +-------------------------------------------+----+-----+-----------+
    |ap_CS_fsm                                  |   2|    2|          0|
    |ap_done_reg                                |   1|    1|          0|
    |ap_reg_ppiten_pp0_it0                      |   1|    1|          0|
    |ap_reg_ppiten_pp0_it1                      |   1|    1|          0|
    |ap_reg_ppiten_pp0_it10                     |   1|    1|          0|
    |ap_reg_ppiten_pp0_it11                     |   1|    1|          0|
    |ap_reg_ppiten_pp0_it12                     |   1|    1|          0|
    |ap_reg_ppiten_pp0_it13                     |   1|    1|          0|
    |ap_reg_ppiten_pp0_it14                     |   1|    1|          0|
    |ap_reg_ppiten_pp0_it15                     |   1|    1|          0|
    |ap_reg_ppiten_pp0_it16                     |   1|    1|          0|
    |ap_reg_ppiten_pp0_it17                     |   1|    1|          0|
    |ap_reg_ppiten_pp0_it18                     |   1|    1|          0|
    |ap_reg_ppiten_pp0_it19                     |   1|    1|          0|
    |ap_reg_ppiten_pp0_it2                      |   1|    1|          0|
    |ap_reg_ppiten_pp0_it20                     |   1|    1|          0|
    |ap_reg_ppiten_pp0_it21                     |   1|    1|          0|
    |ap_reg_ppiten_pp0_it22                     |   1|    1|          0|
    |ap_reg_ppiten_pp0_it23                     |   1|    1|          0|
    |ap_reg_ppiten_pp0_it24                     |   1|    1|          0|
    |ap_reg_ppiten_pp0_it25                     |   1|    1|          0|
    |ap_reg_ppiten_pp0_it26                     |   1|    1|          0|
    |ap_reg_ppiten_pp0_it27                     |   1|    1|          0|
    |ap_reg_ppiten_pp0_it28                     |   1|    1|          0|
    |ap_reg_ppiten_pp0_it29                     |   1|    1|          0|
    |ap_reg_ppiten_pp0_it3                      |   1|    1|          0|
    |ap_reg_ppiten_pp0_it30                     |   1|    1|          0|
    |ap_reg_ppiten_pp0_it31                     |   1|    1|          0|
    |ap_reg_ppiten_pp0_it32                     |   1|    1|          0|
    |ap_reg_ppiten_pp0_it33                     |   1|    1|          0|
    |ap_reg_ppiten_pp0_it34                     |   1|    1|          0|
    |ap_reg_ppiten_pp0_it35                     |   1|    1|          0|
    |ap_reg_ppiten_pp0_it36                     |   1|    1|          0|
    |ap_reg_ppiten_pp0_it37                     |   1|    1|          0|
    |ap_reg_ppiten_pp0_it38                     |   1|    1|          0|
    |ap_reg_ppiten_pp0_it39                     |   1|    1|          0|
    |ap_reg_ppiten_pp0_it4                      |   1|    1|          0|
    |ap_reg_ppiten_pp0_it40                     |   1|    1|          0|
    |ap_reg_ppiten_pp0_it41                     |   1|    1|          0|
    |ap_reg_ppiten_pp0_it42                     |   1|    1|          0|
    |ap_reg_ppiten_pp0_it43                     |   1|    1|          0|
    |ap_reg_ppiten_pp0_it44                     |   1|    1|          0|
    |ap_reg_ppiten_pp0_it45                     |   1|    1|          0|
    |ap_reg_ppiten_pp0_it46                     |   1|    1|          0|
    |ap_reg_ppiten_pp0_it47                     |   1|    1|          0|
    |ap_reg_ppiten_pp0_it48                     |   1|    1|          0|
    |ap_reg_ppiten_pp0_it49                     |   1|    1|          0|
    |ap_reg_ppiten_pp0_it5                      |   1|    1|          0|
    |ap_reg_ppiten_pp0_it50                     |   1|    1|          0|
    |ap_reg_ppiten_pp0_it51                     |   1|    1|          0|
    |ap_reg_ppiten_pp0_it52                     |   1|    1|          0|
    |ap_reg_ppiten_pp0_it53                     |   1|    1|          0|
    |ap_reg_ppiten_pp0_it6                      |   1|    1|          0|
    |ap_reg_ppiten_pp0_it7                      |   1|    1|          0|
    |ap_reg_ppiten_pp0_it8                      |   1|    1|          0|
    |ap_reg_ppiten_pp0_it9                      |   1|    1|          0|
    |ap_reg_ppstg_or_cond_reg_3786_pp0_it1      |   1|    1|          0|
    |ap_reg_ppstg_tmp_6_reg_3751_pp0_it1        |  11|   64|         53|
    |ap_reg_ppstg_tmp_76_0_4_reg_3882_pp0_it3   |   1|    1|          0|
    |ap_reg_ppstg_tmp_76_0_5_reg_3887_pp0_it3   |   1|    1|          0|
    |ap_reg_ppstg_tmp_76_1_2_reg_3979_pp0_it6   |   1|    1|          0|
    |ap_reg_ppstg_tmp_76_1_3_reg_3984_pp0_it6   |   1|    1|          0|
    |ap_reg_ppstg_tmp_76_1_4_reg_3989_pp0_it6   |   1|    1|          0|
    |ap_reg_ppstg_tmp_76_2_2_reg_4057_pp0_it11  |   1|    1|          0|
    |ap_reg_ppstg_tmp_76_2_3_reg_4062_pp0_it11  |   1|    1|          0|
    |ap_reg_ppstg_tmp_76_3_2_reg_4145_pp0_it17  |   1|    1|          0|
    |ap_reg_ppstg_tmp_76_3_3_reg_4150_pp0_it17  |   1|    1|          0|
    |ap_reg_ppstg_tmp_76_4_2_reg_4232_pp0_it23  |   1|    1|          0|
    |ap_reg_ppstg_tmp_76_4_3_reg_4237_pp0_it23  |   1|    1|          0|
    |ap_reg_ppstg_tmp_76_5_2_reg_4320_pp0_it29  |   1|    1|          0|
    |ap_reg_ppstg_tmp_76_5_3_reg_4325_pp0_it29  |   1|    1|          0|
    |ap_reg_ppstg_tmp_76_6_2_reg_4408_pp0_it35  |   1|    1|          0|
    |ap_reg_ppstg_tmp_76_6_3_reg_4413_pp0_it35  |   1|    1|          0|
    |ap_reg_ppstg_tmp_76_7_2_reg_4496_pp0_it41  |   1|    1|          0|
    |ap_reg_ppstg_tmp_76_7_3_reg_4501_pp0_it41  |   1|    1|          0|
    |countOnes_12_reg_4024                      |   4|    4|          0|
    |countOnes_14_reg_4030                      |   5|    5|          0|
    |countOnes_15_reg_4036                      |   5|    5|          0|
    |countOnes_17_reg_4046                      |   5|    5|          0|
    |countOnes_18_reg_4092                      |   5|    5|          0|
    |countOnes_20_reg_4102                      |   5|    5|          0|
    |countOnes_21_reg_4108                      |   5|    5|          0|
    |countOnes_23_reg_4118                      |   5|    5|          0|
    |countOnes_24_reg_4124                      |   5|    5|          0|
    |countOnes_26_reg_4134                      |   5|    5|          0|
    |countOnes_27_reg_4180                      |   5|    5|          0|
    |countOnes_29_reg_4190                      |   5|    5|          0|
    |countOnes_2_reg_3907                       |   3|    3|          0|
    |countOnes_30_reg_4195                      |   6|    6|          0|
    |countOnes_32_reg_4205                      |   6|    6|          0|
    |countOnes_33_reg_4211                      |   6|    6|          0|
    |countOnes_35_reg_4221                      |   6|    6|          0|
    |countOnes_36_reg_4267                      |   6|    6|          0|
    |countOnes_38_reg_4277                      |   6|    6|          0|
    |countOnes_39_reg_4283                      |   6|    6|          0|
    |countOnes_41_reg_4293                      |   6|    6|          0|
    |countOnes_42_reg_4299                      |   6|    6|          0|
    |countOnes_44_reg_4309                      |   6|    6|          0|
    |countOnes_45_reg_4355                      |   6|    6|          0|
    |countOnes_47_reg_4365                      |   6|    6|          0|
    |countOnes_48_reg_4371                      |   6|    6|          0|
    |countOnes_4_reg_3953                       |   3|    3|          0|
    |countOnes_50_reg_4381                      |   6|    6|          0|
    |countOnes_51_reg_4387                      |   6|    6|          0|
    |countOnes_53_reg_4397                      |   6|    6|          0|
    |countOnes_54_reg_4443                      |   6|    6|          0|
    |countOnes_56_reg_4453                      |   6|    6|          0|
    |countOnes_57_reg_4459                      |   6|    6|          0|
    |countOnes_59_reg_4469                      |   6|    6|          0|
    |countOnes_60_reg_4475                      |   6|    6|          0|
    |countOnes_62_reg_4485                      |   7|    7|          0|
    |countOnes_63_reg_4576                      |   7|    7|          0|
    |countOnes_65_reg_4586                      |   7|    7|          0|
    |countOnes_66_reg_4592                      |   7|    7|          0|
    |countOnes_68_reg_4602                      |   7|    7|          0|
    |countOnes_69_reg_4608                      |   7|    7|          0|
    |countOnes_71_reg_4618                      |   7|    7|          0|
    |countOnes_72_reg_4624                      |   7|    7|          0|
    |countOnes_74_reg_4634                      |   7|    7|          0|
    |countOnes_75_reg_4640                      |   7|    7|          0|
    |countOnes_77_reg_4650                      |   7|    7|          0|
    |countOnes_78_reg_4656                      |   7|    7|          0|
    |countOnes_7_reg_3963                       |   4|    4|          0|
    |countOnes_9_reg_4014                       |   4|    4|          0|
    |i_V_reg_3726                               |  12|   12|          0|
    |icmp7_reg_3736                             |   1|    1|          0|
    |lineBuff0_fu_114                           |   8|    8|          0|
    |lineBuff0_load_reg_3948                    |   8|    8|          0|
    |lineBuff1_fu_110                           |   8|    8|          0|
    |lineBuff1_load_reg_3943                    |   8|    8|          0|
    |lineBuff2_fu_106                           |   8|    8|          0|
    |lineBuff2_load_reg_3938                    |   8|    8|          0|
    |lineBuff3_fu_102                           |   8|    8|          0|
    |lineBuff3_load_reg_3933                    |   8|    8|          0|
    |lineBuff4_fu_98                            |   8|    8|          0|
    |lineBuff4_load_reg_3928                    |   8|    8|          0|
    |lineBuff5_fu_94                            |   8|    8|          0|
    |lineBuff5_load_reg_3923                    |   8|    8|          0|
    |lineBuff6_fu_90                            |   8|    8|          0|
    |lineBuff6_load_reg_3918                    |   8|    8|          0|
    |lineBuff7_fu_86                            |   8|    8|          0|
    |lineBuff7_load_reg_3913                    |   8|    8|          0|
    |lineBuffer_val_1_addr_reg_3815             |  11|   11|          0|
    |lineBuffer_val_2_addr_reg_3821             |  11|   11|          0|
    |lineBuffer_val_3_addr_reg_3827             |  11|   11|          0|
    |lineBuffer_val_4_addr_reg_3833             |  11|   11|          0|
    |lineBuffer_val_5_addr_reg_3839             |  11|   11|          0|
    |lineBuffer_val_6_addr_reg_3845             |  11|   11|          0|
    |lineBuffer_val_7_addr_reg_3851             |  11|   11|          0|
    |not4_reg_3773                              |   1|    1|          0|
    |not_or_cond_reg_3800                       |   1|    1|          0|
    |not_reg_3731                               |   1|    1|          0|
    |not_tmp_s_reg_3857                         |   1|    1|          0|
    |notrhs_reg_3741                            |   1|    1|          0|
    |op2_addr_i_i1_reg_3718                     |  13|   13|          0|
    |op2_addr_i_i_reg_3713                      |  13|   13|          0|
    |op2_assign_1_reg_3708                      |  13|   13|          0|
    |op2_assign_reg_3703                        |  13|   13|          0|
    |or_cond_reg_3786                           |   1|    1|          0|
    |pixel_in_val_fu_118                        |   8|    8|          0|
    |return_value_9_reg_3809                    |   8|    8|          0|
    |t_V_3_reg_592                              |  12|   12|          0|
    |t_V_reg_603                                |  11|   11|          0|
    |tmp2_reg_3795                              |   1|    1|          0|
    |tmp_3_reg_3790                             |   1|    1|          0|
    |tmp_4_reg_4662                             |   1|    1|          0|
    |tmp_5_reg_3746                             |   1|    1|          0|
    |tmp_6_reg_3751                             |  11|   64|         53|
    |tmp_76_0_1_reg_3862                        |   1|    1|          0|
    |tmp_76_0_2_reg_3872                        |   1|    1|          0|
    |tmp_76_0_3_reg_3877                        |   1|    1|          0|
    |tmp_76_0_4_reg_3882                        |   1|    1|          0|
    |tmp_76_0_5_reg_3887                        |   1|    1|          0|
    |tmp_76_0_6_reg_3892                        |   1|    1|          0|
    |tmp_76_0_7_reg_3897                        |   1|    1|          0|
    |tmp_76_0_8_reg_3902                        |   1|    1|          0|
    |tmp_76_1_1_reg_3974                        |   1|    1|          0|
    |tmp_76_1_2_reg_3979                        |   1|    1|          0|
    |tmp_76_1_3_reg_3984                        |   1|    1|          0|
    |tmp_76_1_4_reg_3989                        |   1|    1|          0|
    |tmp_76_1_5_reg_3994                        |   1|    1|          0|
    |tmp_76_1_6_reg_3999                        |   1|    1|          0|
    |tmp_76_1_7_reg_4004                        |   1|    1|          0|
    |tmp_76_1_8_reg_4009                        |   1|    1|          0|
    |tmp_76_1_reg_3969                          |   1|    1|          0|
    |tmp_76_2_1_reg_4052                        |   1|    1|          0|
    |tmp_76_2_2_reg_4057                        |   1|    1|          0|
    |tmp_76_2_3_reg_4062                        |   1|    1|          0|
    |tmp_76_2_4_reg_4067                        |   1|    1|          0|
    |tmp_76_2_5_reg_4072                        |   1|    1|          0|
    |tmp_76_2_6_reg_4077                        |   1|    1|          0|
    |tmp_76_2_7_reg_4082                        |   1|    1|          0|
    |tmp_76_2_8_reg_4087                        |   1|    1|          0|
    |tmp_76_3_1_reg_4140                        |   1|    1|          0|
    |tmp_76_3_2_reg_4145                        |   1|    1|          0|
    |tmp_76_3_3_reg_4150                        |   1|    1|          0|
    |tmp_76_3_4_reg_4155                        |   1|    1|          0|
    |tmp_76_3_5_reg_4160                        |   1|    1|          0|
    |tmp_76_3_6_reg_4165                        |   1|    1|          0|
    |tmp_76_3_7_reg_4170                        |   1|    1|          0|
    |tmp_76_3_8_reg_4175                        |   1|    1|          0|
    |tmp_76_4_1_reg_4227                        |   1|    1|          0|
    |tmp_76_4_2_reg_4232                        |   1|    1|          0|
    |tmp_76_4_3_reg_4237                        |   1|    1|          0|
    |tmp_76_4_4_reg_4242                        |   1|    1|          0|
    |tmp_76_4_5_reg_4247                        |   1|    1|          0|
    |tmp_76_4_6_reg_4252                        |   1|    1|          0|
    |tmp_76_4_7_reg_4257                        |   1|    1|          0|
    |tmp_76_4_8_reg_4262                        |   1|    1|          0|
    |tmp_76_5_1_reg_4315                        |   1|    1|          0|
    |tmp_76_5_2_reg_4320                        |   1|    1|          0|
    |tmp_76_5_3_reg_4325                        |   1|    1|          0|
    |tmp_76_5_4_reg_4330                        |   1|    1|          0|
    |tmp_76_5_5_reg_4335                        |   1|    1|          0|
    |tmp_76_5_6_reg_4340                        |   1|    1|          0|
    |tmp_76_5_7_reg_4345                        |   1|    1|          0|
    |tmp_76_5_8_reg_4350                        |   1|    1|          0|
    |tmp_76_6_1_reg_4403                        |   1|    1|          0|
    |tmp_76_6_2_reg_4408                        |   1|    1|          0|
    |tmp_76_6_3_reg_4413                        |   1|    1|          0|
    |tmp_76_6_4_reg_4418                        |   1|    1|          0|
    |tmp_76_6_5_reg_4423                        |   1|    1|          0|
    |tmp_76_6_6_reg_4428                        |   1|    1|          0|
    |tmp_76_6_7_reg_4433                        |   1|    1|          0|
    |tmp_76_6_8_reg_4438                        |   1|    1|          0|
    |tmp_76_7_1_reg_4491                        |   1|    1|          0|
    |tmp_76_7_2_reg_4496                        |   1|    1|          0|
    |tmp_76_7_3_reg_4501                        |   1|    1|          0|
    |tmp_76_7_4_reg_4506                        |   1|    1|          0|
    |tmp_76_7_5_reg_4511                        |   1|    1|          0|
    |tmp_76_7_6_reg_4516                        |   1|    1|          0|
    |tmp_76_7_7_reg_4521                        |   1|    1|          0|
    |tmp_76_7_8_reg_4526                        |   1|    1|          0|
    |tmp_76_8_1_reg_4536                        |   1|    1|          0|
    |tmp_76_8_2_reg_4541                        |   1|    1|          0|
    |tmp_76_8_3_reg_4546                        |   1|    1|          0|
    |tmp_76_8_4_reg_4551                        |   1|    1|          0|
    |tmp_76_8_5_reg_4556                        |   1|    1|          0|
    |tmp_76_8_6_reg_4561                        |   1|    1|          0|
    |tmp_76_8_7_reg_4566                        |   1|    1|          0|
    |tmp_76_8_8_reg_4571                        |   1|    1|          0|
    |tmp_76_8_reg_4531                          |   1|    1|          0|
    |tmp_77_0_1_reg_3867                        |   2|    2|          0|
    |tmp_77_0_6_reg_3958                        |   3|    3|          0|
    |tmp_77_1_2_reg_4019                        |   4|    4|          0|
    |tmp_77_1_8_reg_4041                        |   5|    5|          0|
    |tmp_77_2_2_reg_4097                        |   5|    5|          0|
    |tmp_77_2_5_reg_4113                        |   5|    5|          0|
    |tmp_77_2_8_reg_4129                        |   5|    5|          0|
    |tmp_77_3_2_reg_4185                        |   5|    5|          0|
    |tmp_77_3_5_reg_4200                        |   6|    6|          0|
    |tmp_77_3_8_reg_4216                        |   6|    6|          0|
    |tmp_77_4_2_reg_4272                        |   6|    6|          0|
    |tmp_77_4_5_reg_4288                        |   6|    6|          0|
    |tmp_77_4_8_reg_4304                        |   6|    6|          0|
    |tmp_77_5_2_reg_4360                        |   6|    6|          0|
    |tmp_77_5_5_reg_4376                        |   6|    6|          0|
    |tmp_77_5_8_reg_4392                        |   6|    6|          0|
    |tmp_77_6_2_reg_4448                        |   6|    6|          0|
    |tmp_77_6_5_reg_4464                        |   6|    6|          0|
    |tmp_77_6_8_reg_4480                        |   6|    6|          0|
    |tmp_77_7_2_reg_4581                        |   7|    7|          0|
    |tmp_77_7_5_reg_4597                        |   7|    7|          0|
    |tmp_77_7_8_reg_4613                        |   7|    7|          0|
    |tmp_77_8_2_reg_4629                        |   7|    7|          0|
    |tmp_77_8_5_reg_4645                        |   7|    7|          0|
    |tmp_7_reg_3764                             |   1|    1|          0|
    |window_val_0_0_fu_122                      |   8|    8|          0|
    |window_val_0_1_fu_126                      |   8|    8|          0|
    |window_val_0_2_fu_130                      |   8|    8|          0|
    |window_val_0_3_fu_134                      |   8|    8|          0|
    |window_val_0_4_fu_138                      |   8|    8|          0|
    |window_val_0_5_fu_142                      |   8|    8|          0|
    |window_val_0_6_fu_146                      |   8|    8|          0|
    |window_val_0_7_fu_150                      |   8|    8|          0|
    |window_val_1_0_fu_154                      |   8|    8|          0|
    |window_val_1_1_fu_158                      |   8|    8|          0|
    |window_val_1_2_fu_162                      |   8|    8|          0|
    |window_val_1_3_fu_166                      |   8|    8|          0|
    |window_val_1_4_fu_170                      |   8|    8|          0|
    |window_val_1_5_fu_174                      |   8|    8|          0|
    |window_val_1_6_fu_178                      |   8|    8|          0|
    |window_val_1_7_fu_182                      |   8|    8|          0|
    |window_val_2_0_fu_186                      |   8|    8|          0|
    |window_val_2_1_fu_190                      |   8|    8|          0|
    |window_val_2_2_fu_194                      |   8|    8|          0|
    |window_val_2_3_fu_198                      |   8|    8|          0|
    |window_val_2_4_fu_202                      |   8|    8|          0|
    |window_val_2_5_fu_206                      |   8|    8|          0|
    |window_val_2_6_fu_210                      |   8|    8|          0|
    |window_val_2_7_fu_214                      |   8|    8|          0|
    |window_val_3_0_fu_218                      |   8|    8|          0|
    |window_val_3_1_fu_222                      |   8|    8|          0|
    |window_val_3_2_fu_226                      |   8|    8|          0|
    |window_val_3_3_fu_230                      |   8|    8|          0|
    |window_val_3_4_fu_234                      |   8|    8|          0|
    |window_val_3_5_fu_238                      |   8|    8|          0|
    |window_val_3_6_fu_242                      |   8|    8|          0|
    |window_val_3_7_fu_246                      |   8|    8|          0|
    |window_val_4_0_fu_250                      |   8|    8|          0|
    |window_val_4_1_fu_254                      |   8|    8|          0|
    |window_val_4_2_fu_258                      |   8|    8|          0|
    |window_val_4_3_fu_262                      |   8|    8|          0|
    |window_val_4_4_fu_266                      |   8|    8|          0|
    |window_val_4_5_fu_270                      |   8|    8|          0|
    |window_val_4_6_fu_274                      |   8|    8|          0|
    |window_val_4_7_fu_278                      |   8|    8|          0|
    |window_val_5_0_fu_282                      |   8|    8|          0|
    |window_val_5_1_fu_286                      |   8|    8|          0|
    |window_val_5_2_fu_290                      |   8|    8|          0|
    |window_val_5_3_fu_294                      |   8|    8|          0|
    |window_val_5_4_fu_298                      |   8|    8|          0|
    |window_val_5_5_fu_302                      |   8|    8|          0|
    |window_val_5_6_fu_306                      |   8|    8|          0|
    |window_val_5_7_fu_310                      |   8|    8|          0|
    |window_val_6_0_fu_314                      |   8|    8|          0|
    |window_val_6_1_fu_318                      |   8|    8|          0|
    |window_val_6_2_fu_322                      |   8|    8|          0|
    |window_val_6_3_fu_326                      |   8|    8|          0|
    |window_val_6_4_fu_330                      |   8|    8|          0|
    |window_val_6_5_fu_334                      |   8|    8|          0|
    |window_val_6_6_fu_338                      |   8|    8|          0|
    |window_val_6_7_fu_342                      |   8|    8|          0|
    |window_val_7_0_fu_346                      |   8|    8|          0|
    |window_val_7_1_fu_350                      |   8|    8|          0|
    |window_val_7_2_fu_354                      |   8|    8|          0|
    |window_val_7_3_fu_358                      |   8|    8|          0|
    |window_val_7_4_fu_362                      |   8|    8|          0|
    |window_val_7_5_fu_366                      |   8|    8|          0|
    |window_val_7_6_fu_370                      |   8|    8|          0|
    |window_val_7_7_fu_374                      |   8|    8|          0|
    |window_val_8_0_fu_378                      |   8|    8|          0|
    |window_val_8_1_fu_382                      |   8|    8|          0|
    |window_val_8_2_fu_386                      |   8|    8|          0|
    |window_val_8_3_fu_390                      |   8|    8|          0|
    |window_val_8_4_fu_394                      |   8|    8|          0|
    |window_val_8_5_fu_398                      |   8|    8|          0|
    |window_val_8_6_fu_402                      |   8|    8|          0|
    |window_val_8_7_fu_406                      |   8|    8|          0|
    +-------------------------------------------+----+-----+-----------+
    |Total                                      |1485| 1591|        106|
    +-------------------------------------------+----+-----+-----------+



================================================================
== Interface
================================================================
* Summary: 
+-----------------------------+-----+-----+---------+---------------------+--------------+
|          RTL Ports          | Dir | Bits| Protocol|    Source Object    |    C Type    |
+-----------------------------+-----+-----+---------+---------------------+--------------+
|ap_clk                       |  in |    1|        -|    median_filter    | return value |
|ap_rst                       |  in |    1|        -|    median_filter    | return value |
|ap_start                     |  in |    1|        -|    median_filter    | return value |
|ap_done                      | out |    1|        -|    median_filter    | return value |
|ap_continue                  |  in |    1|        -|    median_filter    | return value |
|ap_idle                      | out |    1|        -|    median_filter    | return value |
|ap_ready                     | out |    1|        -|    median_filter    | return value |
|src_rows_V_read              |  in |   12| ap_none |   src_rows_V_read   |    scalar    |
|src_cols_V_read              |  in |   12| ap_none |   src_cols_V_read   |    scalar    |
|src_data_stream_0_V_dout     |  in |    8| ap_fifo | src_data_stream_0_V |    pointer   |
|src_data_stream_0_V_empty_n  |  in |    1| ap_fifo | src_data_stream_0_V |    pointer   |
|src_data_stream_0_V_read     | out |    1| ap_fifo | src_data_stream_0_V |    pointer   |
|dst_data_stream_0_V_din      | out |    8| ap_fifo | dst_data_stream_0_V |    pointer   |
|dst_data_stream_0_V_full_n   |  in |    1| ap_fifo | dst_data_stream_0_V |    pointer   |
|dst_data_stream_0_V_write    | out |    1| ap_fifo | dst_data_stream_0_V |    pointer   |
+-----------------------------+-----+-----+---------+---------------------+--------------+

